// Jest Snapshot v1, https://goo.gl/fbAQLP

exports[`ONS In Dev Banner Test matches Snapshot 1`] = `
initialize {
  "0": Object {
    "attribs": Object {
      "class": "phase-banner",
    },
    "children": Array [
      Object {
        "attribs": Object {
          "class": "container ",
        },
        "children": Array [
          Object {
            "attribs": Object {
              "class": "grid grid--flex grid--gutterless grid--vertical-center grid--no-wrap",
            },
            "children": Array [
              Object {
                "attribs": Object {
                  "class": "grid__col col-auto u-flex-no-grow",
                },
                "children": Array [
                  Object {
                    "attribs": Object {
                      "class": "phase-banner__badge",
                    },
                    "children": Array [
                      Object {
                        "data": "BETA",
                        "next": null,
                        "parent": [Circular],
                        "prev": null,
                        "type": "text",
                      },
                    ],
                    "name": "h3",
                    "namespace": "http://www.w3.org/1999/xhtml",
                    "next": null,
                    "parent": [Circular],
                    "prev": null,
                    "type": "tag",
                    "x-attribsNamespace": Object {
                      "class": undefined,
                    },
                    "x-attribsPrefix": Object {
                      "class": undefined,
                    },
                  },
                ],
                "name": "div",
                "namespace": "http://www.w3.org/1999/xhtml",
                "next": Object {
                  "attribs": Object {
                    "class": "grid__col col-auto u-flex-shrink",
                  },
                  "children": Array [
                    Object {
                      "attribs": Object {
                        "class": "phase-banner__desc u-fs-s u-mb-no",
                      },
                      "children": Array [
                        Object {
                          "data": "This is a new service – your ",
                          "next": Object {
                            "attribs": Object {
                              "href": "https://ons.service-now.com/",
                            },
                            "children": Array [
                              Object {
                                "data": "feedback",
                                "next": null,
                                "parent": [Circular],
                                "prev": null,
                                "type": "text",
                              },
                            ],
                            "name": "a",
                            "namespace": "http://www.w3.org/1999/xhtml",
                            "next": Object {
                              "data": " will help us improve it.",
                              "next": null,
                              "parent": [Circular],
                              "prev": [Circular],
                              "type": "text",
                            },
                            "parent": [Circular],
                            "prev": [Circular],
                            "type": "tag",
                            "x-attribsNamespace": Object {
                              "href": undefined,
                            },
                            "x-attribsPrefix": Object {
                              "href": undefined,
                            },
                          },
                          "parent": [Circular],
                          "prev": null,
                          "type": "text",
                        },
                        Object {
                          "attribs": Object {
                            "href": "https://ons.service-now.com/",
                          },
                          "children": Array [
                            Object {
                              "data": "feedback",
                              "next": null,
                              "parent": [Circular],
                              "prev": null,
                              "type": "text",
                            },
                          ],
                          "name": "a",
                          "namespace": "http://www.w3.org/1999/xhtml",
                          "next": Object {
                            "data": " will help us improve it.",
                            "next": null,
                            "parent": [Circular],
                            "prev": [Circular],
                            "type": "text",
                          },
                          "parent": [Circular],
                          "prev": Object {
                            "data": "This is a new service – your ",
                            "next": [Circular],
                            "parent": [Circular],
                            "prev": null,
                            "type": "text",
                          },
                          "type": "tag",
                          "x-attribsNamespace": Object {
                            "href": undefined,
                          },
                          "x-attribsPrefix": Object {
                            "href": undefined,
                          },
                        },
                        Object {
                          "data": " will help us improve it.",
                          "next": null,
                          "parent": [Circular],
                          "prev": Object {
                            "attribs": Object {
                              "href": "https://ons.service-now.com/",
                            },
                            "children": Array [
                              Object {
                                "data": "feedback",
                                "next": null,
                                "parent": [Circular],
                                "prev": null,
                                "type": "text",
                              },
                            ],
                            "name": "a",
                            "namespace": "http://www.w3.org/1999/xhtml",
                            "next": [Circular],
                            "parent": [Circular],
                            "prev": Object {
                              "data": "This is a new service – your ",
                              "next": [Circular],
                              "parent": [Circular],
                              "prev": null,
                              "type": "text",
                            },
                            "type": "tag",
                            "x-attribsNamespace": Object {
                              "href": undefined,
                            },
                            "x-attribsPrefix": Object {
                              "href": undefined,
                            },
                          },
                          "type": "text",
                        },
                      ],
                      "name": "p",
                      "namespace": "http://www.w3.org/1999/xhtml",
                      "next": null,
                      "parent": [Circular],
                      "prev": null,
                      "type": "tag",
                      "x-attribsNamespace": Object {
                        "class": undefined,
                      },
                      "x-attribsPrefix": Object {
                        "class": undefined,
                      },
                    },
                  ],
                  "name": "div",
                  "namespace": "http://www.w3.org/1999/xhtml",
                  "next": null,
                  "parent": [Circular],
                  "prev": [Circular],
                  "type": "tag",
                  "x-attribsNamespace": Object {
                    "class": undefined,
                  },
                  "x-attribsPrefix": Object {
                    "class": undefined,
                  },
                },
                "parent": [Circular],
                "prev": null,
                "type": "tag",
                "x-attribsNamespace": Object {
                  "class": undefined,
                },
                "x-attribsPrefix": Object {
                  "class": undefined,
                },
              },
              Object {
                "attribs": Object {
                  "class": "grid__col col-auto u-flex-shrink",
                },
                "children": Array [
                  Object {
                    "attribs": Object {
                      "class": "phase-banner__desc u-fs-s u-mb-no",
                    },
                    "children": Array [
                      Object {
                        "data": "This is a new service – your ",
                        "next": Object {
                          "attribs": Object {
                            "href": "https://ons.service-now.com/",
                          },
                          "children": Array [
                            Object {
                              "data": "feedback",
                              "next": null,
                              "parent": [Circular],
                              "prev": null,
                              "type": "text",
                            },
                          ],
                          "name": "a",
                          "namespace": "http://www.w3.org/1999/xhtml",
                          "next": Object {
                            "data": " will help us improve it.",
                            "next": null,
                            "parent": [Circular],
                            "prev": [Circular],
                            "type": "text",
                          },
                          "parent": [Circular],
                          "prev": [Circular],
                          "type": "tag",
                          "x-attribsNamespace": Object {
                            "href": undefined,
                          },
                          "x-attribsPrefix": Object {
                            "href": undefined,
                          },
                        },
                        "parent": [Circular],
                        "prev": null,
                        "type": "text",
                      },
                      Object {
                        "attribs": Object {
                          "href": "https://ons.service-now.com/",
                        },
                        "children": Array [
                          Object {
                            "data": "feedback",
                            "next": null,
                            "parent": [Circular],
                            "prev": null,
                            "type": "text",
                          },
                        ],
                        "name": "a",
                        "namespace": "http://www.w3.org/1999/xhtml",
                        "next": Object {
                          "data": " will help us improve it.",
                          "next": null,
                          "parent": [Circular],
                          "prev": [Circular],
                          "type": "text",
                        },
                        "parent": [Circular],
                        "prev": Object {
                          "data": "This is a new service – your ",
                          "next": [Circular],
                          "parent": [Circular],
                          "prev": null,
                          "type": "text",
                        },
                        "type": "tag",
                        "x-attribsNamespace": Object {
                          "href": undefined,
                        },
                        "x-attribsPrefix": Object {
                          "href": undefined,
                        },
                      },
                      Object {
                        "data": " will help us improve it.",
                        "next": null,
                        "parent": [Circular],
                        "prev": Object {
                          "attribs": Object {
                            "href": "https://ons.service-now.com/",
                          },
                          "children": Array [
                            Object {
                              "data": "feedback",
                              "next": null,
                              "parent": [Circular],
                              "prev": null,
                              "type": "text",
                            },
                          ],
                          "name": "a",
                          "namespace": "http://www.w3.org/1999/xhtml",
                          "next": [Circular],
                          "parent": [Circular],
                          "prev": Object {
                            "data": "This is a new service – your ",
                            "next": [Circular],
                            "parent": [Circular],
                            "prev": null,
                            "type": "text",
                          },
                          "type": "tag",
                          "x-attribsNamespace": Object {
                            "href": undefined,
                          },
                          "x-attribsPrefix": Object {
                            "href": undefined,
                          },
                        },
                        "type": "text",
                      },
                    ],
                    "name": "p",
                    "namespace": "http://www.w3.org/1999/xhtml",
                    "next": null,
                    "parent": [Circular],
                    "prev": null,
                    "type": "tag",
                    "x-attribsNamespace": Object {
                      "class": undefined,
                    },
                    "x-attribsPrefix": Object {
                      "class": undefined,
                    },
                  },
                ],
                "name": "div",
                "namespace": "http://www.w3.org/1999/xhtml",
                "next": null,
                "parent": [Circular],
                "prev": Object {
                  "attribs": Object {
                    "class": "grid__col col-auto u-flex-no-grow",
                  },
                  "children": Array [
                    Object {
                      "attribs": Object {
                        "class": "phase-banner__badge",
                      },
                      "children": Array [
                        Object {
                          "data": "BETA",
                          "next": null,
                          "parent": [Circular],
                          "prev": null,
                          "type": "text",
                        },
                      ],
                      "name": "h3",
                      "namespace": "http://www.w3.org/1999/xhtml",
                      "next": null,
                      "parent": [Circular],
                      "prev": null,
                      "type": "tag",
                      "x-attribsNamespace": Object {
                        "class": undefined,
                      },
                      "x-attribsPrefix": Object {
                        "class": undefined,
                      },
                    },
                  ],
                  "name": "div",
                  "namespace": "http://www.w3.org/1999/xhtml",
                  "next": [Circular],
                  "parent": [Circular],
                  "prev": null,
                  "type": "tag",
                  "x-attribsNamespace": Object {
                    "class": undefined,
                  },
                  "x-attribsPrefix": Object {
                    "class": undefined,
                  },
                },
                "type": "tag",
                "x-attribsNamespace": Object {
                  "class": undefined,
                },
                "x-attribsPrefix": Object {
                  "class": undefined,
                },
              },
            ],
            "name": "div",
            "namespace": "http://www.w3.org/1999/xhtml",
            "next": null,
            "parent": [Circular],
            "prev": null,
            "type": "tag",
            "x-attribsNamespace": Object {
              "class": undefined,
            },
            "x-attribsPrefix": Object {
              "class": undefined,
            },
          },
        ],
        "name": "div",
        "namespace": "http://www.w3.org/1999/xhtml",
        "next": null,
        "parent": [Circular],
        "prev": null,
        "type": "tag",
        "x-attribsNamespace": Object {
          "class": undefined,
        },
        "x-attribsPrefix": Object {
          "class": undefined,
        },
      },
    ],
    "name": "div",
    "namespace": "http://www.w3.org/1999/xhtml",
    "next": null,
    "parent": null,
    "prev": null,
    "root": Object {
      "attribs": Object {},
      "children": Array [
        [Circular],
      ],
      "name": "root",
      "namespace": "http://www.w3.org/1999/xhtml",
      "next": null,
      "parent": null,
      "prev": null,
      "type": "root",
      "x-attribsNamespace": Object {},
      "x-attribsPrefix": Object {},
    },
    "type": "tag",
    "x-attribsNamespace": Object {
      "class": undefined,
    },
    "x-attribsPrefix": Object {
      "class": undefined,
    },
  },
  "_root": [Circular],
  "length": 1,
  "options": Object {
    "decodeEntities": true,
    "normalizeWhitespace": false,
    "withDomLvl1": true,
    "xml": false,
  },
}
`;
