// Jest Snapshot v1, https://goo.gl/fbAQLP

exports[`Footer Test matches Snapshot 1`] = `
initialize {
  "0": Object {
    "attribs": Object {
      "class": "footer",
    },
    "children": Array [
      Object {
        "attribs": Object {
          "class": "footer--body",
          "data-analytics": "footer",
        },
        "children": Array [
          Object {
            "attribs": Object {
              "class": "container ",
            },
            "children": Array [
              Object {
                "attribs": Object {
                  "class": "grid",
                },
                "children": Array [
                  Object {
                    "attribs": Object {
                      "class": "u-mb-m",
                    },
                    "children": Array [
                      Object {
                        "attribs": Object {
                          "aria-label": "Blaise Server Manager link to telephone server park",
                          "class": "metadata metadata__list grid grid--gutterless u-cf u-mb-l",
                          "title": "Blaise Server Manager link to telephone server park",
                        },
                        "children": Array [
                          Object {
                            "attribs": Object {
                              "class": "metadata__term grid__col col-6@m",
                            },
                            "children": Array [
                              Object {
                                "data": " Telephone server park for Blaise Server Manager:",
                                "next": null,
                                "parent": [Circular],
                                "prev": null,
                                "type": "text",
                              },
                            ],
                            "name": "dt",
                            "namespace": "http://www.w3.org/1999/xhtml",
                            "next": Object {
                              "attribs": Object {
                                "class": "metadata__value grid__col col-6@m",
                              },
                              "children": Array [
                                Object {
                                  "data": "localhost",
                                  "next": null,
                                  "parent": [Circular],
                                  "prev": null,
                                  "type": "text",
                                },
                              ],
                              "name": "dd",
                              "namespace": "http://www.w3.org/1999/xhtml",
                              "next": null,
                              "parent": [Circular],
                              "prev": [Circular],
                              "type": "tag",
                              "x-attribsNamespace": Object {
                                "class": undefined,
                              },
                              "x-attribsPrefix": Object {
                                "class": undefined,
                              },
                            },
                            "parent": [Circular],
                            "prev": null,
                            "type": "tag",
                            "x-attribsNamespace": Object {
                              "class": undefined,
                            },
                            "x-attribsPrefix": Object {
                              "class": undefined,
                            },
                          },
                          Object {
                            "attribs": Object {
                              "class": "metadata__value grid__col col-6@m",
                            },
                            "children": Array [
                              Object {
                                "data": "localhost",
                                "next": null,
                                "parent": [Circular],
                                "prev": null,
                                "type": "text",
                              },
                            ],
                            "name": "dd",
                            "namespace": "http://www.w3.org/1999/xhtml",
                            "next": null,
                            "parent": [Circular],
                            "prev": Object {
                              "attribs": Object {
                                "class": "metadata__term grid__col col-6@m",
                              },
                              "children": Array [
                                Object {
                                  "data": " Telephone server park for Blaise Server Manager:",
                                  "next": null,
                                  "parent": [Circular],
                                  "prev": null,
                                  "type": "text",
                                },
                              ],
                              "name": "dt",
                              "namespace": "http://www.w3.org/1999/xhtml",
                              "next": [Circular],
                              "parent": [Circular],
                              "prev": null,
                              "type": "tag",
                              "x-attribsNamespace": Object {
                                "class": undefined,
                              },
                              "x-attribsPrefix": Object {
                                "class": undefined,
                              },
                            },
                            "type": "tag",
                            "x-attribsNamespace": Object {
                              "class": undefined,
                            },
                            "x-attribsPrefix": Object {
                              "class": undefined,
                            },
                          },
                        ],
                        "name": "dl",
                        "namespace": "http://www.w3.org/1999/xhtml",
                        "next": Object {
                          "attribs": Object {
                            "class": "footer__hr",
                          },
                          "children": Array [],
                          "name": "hr",
                          "namespace": "http://www.w3.org/1999/xhtml",
                          "next": null,
                          "parent": [Circular],
                          "prev": [Circular],
                          "type": "tag",
                          "x-attribsNamespace": Object {
                            "class": undefined,
                          },
                          "x-attribsPrefix": Object {
                            "class": undefined,
                          },
                        },
                        "parent": [Circular],
                        "prev": null,
                        "type": "tag",
                        "x-attribsNamespace": Object {
                          "aria-label": undefined,
                          "class": undefined,
                          "title": undefined,
                        },
                        "x-attribsPrefix": Object {
                          "aria-label": undefined,
                          "class": undefined,
                          "title": undefined,
                        },
                      },
                      Object {
                        "attribs": Object {
                          "class": "footer__hr",
                        },
                        "children": Array [],
                        "name": "hr",
                        "namespace": "http://www.w3.org/1999/xhtml",
                        "next": null,
                        "parent": [Circular],
                        "prev": Object {
                          "attribs": Object {
                            "aria-label": "Blaise Server Manager link to telephone server park",
                            "class": "metadata metadata__list grid grid--gutterless u-cf u-mb-l",
                            "title": "Blaise Server Manager link to telephone server park",
                          },
                          "children": Array [
                            Object {
                              "attribs": Object {
                                "class": "metadata__term grid__col col-6@m",
                              },
                              "children": Array [
                                Object {
                                  "data": " Telephone server park for Blaise Server Manager:",
                                  "next": null,
                                  "parent": [Circular],
                                  "prev": null,
                                  "type": "text",
                                },
                              ],
                              "name": "dt",
                              "namespace": "http://www.w3.org/1999/xhtml",
                              "next": Object {
                                "attribs": Object {
                                  "class": "metadata__value grid__col col-6@m",
                                },
                                "children": Array [
                                  Object {
                                    "data": "localhost",
                                    "next": null,
                                    "parent": [Circular],
                                    "prev": null,
                                    "type": "text",
                                  },
                                ],
                                "name": "dd",
                                "namespace": "http://www.w3.org/1999/xhtml",
                                "next": null,
                                "parent": [Circular],
                                "prev": [Circular],
                                "type": "tag",
                                "x-attribsNamespace": Object {
                                  "class": undefined,
                                },
                                "x-attribsPrefix": Object {
                                  "class": undefined,
                                },
                              },
                              "parent": [Circular],
                              "prev": null,
                              "type": "tag",
                              "x-attribsNamespace": Object {
                                "class": undefined,
                              },
                              "x-attribsPrefix": Object {
                                "class": undefined,
                              },
                            },
                            Object {
                              "attribs": Object {
                                "class": "metadata__value grid__col col-6@m",
                              },
                              "children": Array [
                                Object {
                                  "data": "localhost",
                                  "next": null,
                                  "parent": [Circular],
                                  "prev": null,
                                  "type": "text",
                                },
                              ],
                              "name": "dd",
                              "namespace": "http://www.w3.org/1999/xhtml",
                              "next": null,
                              "parent": [Circular],
                              "prev": Object {
                                "attribs": Object {
                                  "class": "metadata__term grid__col col-6@m",
                                },
                                "children": Array [
                                  Object {
                                    "data": " Telephone server park for Blaise Server Manager:",
                                    "next": null,
                                    "parent": [Circular],
                                    "prev": null,
                                    "type": "text",
                                  },
                                ],
                                "name": "dt",
                                "namespace": "http://www.w3.org/1999/xhtml",
                                "next": [Circular],
                                "parent": [Circular],
                                "prev": null,
                                "type": "tag",
                                "x-attribsNamespace": Object {
                                  "class": undefined,
                                },
                                "x-attribsPrefix": Object {
                                  "class": undefined,
                                },
                              },
                              "type": "tag",
                              "x-attribsNamespace": Object {
                                "class": undefined,
                              },
                              "x-attribsPrefix": Object {
                                "class": undefined,
                              },
                            },
                          ],
                          "name": "dl",
                          "namespace": "http://www.w3.org/1999/xhtml",
                          "next": [Circular],
                          "parent": [Circular],
                          "prev": null,
                          "type": "tag",
                          "x-attribsNamespace": Object {
                            "aria-label": undefined,
                            "class": undefined,
                            "title": undefined,
                          },
                          "x-attribsPrefix": Object {
                            "aria-label": undefined,
                            "class": undefined,
                            "title": undefined,
                          },
                        },
                        "type": "tag",
                        "x-attribsNamespace": Object {
                          "class": undefined,
                        },
                        "x-attribsPrefix": Object {
                          "class": undefined,
                        },
                      },
                    ],
                    "name": "div",
                    "namespace": "http://www.w3.org/1999/xhtml",
                    "next": null,
                    "parent": [Circular],
                    "prev": null,
                    "type": "tag",
                    "x-attribsNamespace": Object {
                      "class": undefined,
                    },
                    "x-attribsPrefix": Object {
                      "class": undefined,
                    },
                  },
                ],
                "name": "div",
                "namespace": "http://www.w3.org/1999/xhtml",
                "next": Object {
                  "attribs": Object {
                    "class": "grid grid--flex grid--between",
                  },
                  "children": Array [
                    Object {
                      "attribs": Object {
                        "class": "grid__col",
                      },
                      "children": Array [
                        Object {
                          "attribs": Object {
                            "class": "u-mt-m u-mb-s",
                          },
                          "children": Array [
                            Object {
                              "attribs": Object {
                                "alt": "Office for National Statistics",
                                "src": "https://ons-design-system.netlify.app/img/ons-logo-black-en.svg",
                              },
                              "children": Array [],
                              "name": "img",
                              "namespace": "http://www.w3.org/1999/xhtml",
                              "next": null,
                              "parent": [Circular],
                              "prev": null,
                              "type": "tag",
                              "x-attribsNamespace": Object {
                                "alt": undefined,
                                "src": undefined,
                              },
                              "x-attribsPrefix": Object {
                                "alt": undefined,
                                "src": undefined,
                              },
                            },
                          ],
                          "name": "div",
                          "namespace": "http://www.w3.org/1999/xhtml",
                          "next": null,
                          "parent": [Circular],
                          "prev": null,
                          "type": "tag",
                          "x-attribsNamespace": Object {
                            "class": undefined,
                          },
                          "x-attribsPrefix": Object {
                            "class": undefined,
                          },
                        },
                      ],
                      "name": "div",
                      "namespace": "http://www.w3.org/1999/xhtml",
                      "next": null,
                      "parent": [Circular],
                      "prev": null,
                      "type": "tag",
                      "x-attribsNamespace": Object {
                        "class": undefined,
                      },
                      "x-attribsPrefix": Object {
                        "class": undefined,
                      },
                    },
                  ],
                  "name": "div",
                  "namespace": "http://www.w3.org/1999/xhtml",
                  "next": null,
                  "parent": [Circular],
                  "prev": [Circular],
                  "type": "tag",
                  "x-attribsNamespace": Object {
                    "class": undefined,
                  },
                  "x-attribsPrefix": Object {
                    "class": undefined,
                  },
                },
                "parent": [Circular],
                "prev": null,
                "type": "tag",
                "x-attribsNamespace": Object {
                  "class": undefined,
                },
                "x-attribsPrefix": Object {
                  "class": undefined,
                },
              },
              Object {
                "attribs": Object {
                  "class": "grid grid--flex grid--between",
                },
                "children": Array [
                  Object {
                    "attribs": Object {
                      "class": "grid__col",
                    },
                    "children": Array [
                      Object {
                        "attribs": Object {
                          "class": "u-mt-m u-mb-s",
                        },
                        "children": Array [
                          Object {
                            "attribs": Object {
                              "alt": "Office for National Statistics",
                              "src": "https://ons-design-system.netlify.app/img/ons-logo-black-en.svg",
                            },
                            "children": Array [],
                            "name": "img",
                            "namespace": "http://www.w3.org/1999/xhtml",
                            "next": null,
                            "parent": [Circular],
                            "prev": null,
                            "type": "tag",
                            "x-attribsNamespace": Object {
                              "alt": undefined,
                              "src": undefined,
                            },
                            "x-attribsPrefix": Object {
                              "alt": undefined,
                              "src": undefined,
                            },
                          },
                        ],
                        "name": "div",
                        "namespace": "http://www.w3.org/1999/xhtml",
                        "next": null,
                        "parent": [Circular],
                        "prev": null,
                        "type": "tag",
                        "x-attribsNamespace": Object {
                          "class": undefined,
                        },
                        "x-attribsPrefix": Object {
                          "class": undefined,
                        },
                      },
                    ],
                    "name": "div",
                    "namespace": "http://www.w3.org/1999/xhtml",
                    "next": null,
                    "parent": [Circular],
                    "prev": null,
                    "type": "tag",
                    "x-attribsNamespace": Object {
                      "class": undefined,
                    },
                    "x-attribsPrefix": Object {
                      "class": undefined,
                    },
                  },
                ],
                "name": "div",
                "namespace": "http://www.w3.org/1999/xhtml",
                "next": null,
                "parent": [Circular],
                "prev": Object {
                  "attribs": Object {
                    "class": "grid",
                  },
                  "children": Array [
                    Object {
                      "attribs": Object {
                        "class": "u-mb-m",
                      },
                      "children": Array [
                        Object {
                          "attribs": Object {
                            "aria-label": "Blaise Server Manager link to telephone server park",
                            "class": "metadata metadata__list grid grid--gutterless u-cf u-mb-l",
                            "title": "Blaise Server Manager link to telephone server park",
                          },
                          "children": Array [
                            Object {
                              "attribs": Object {
                                "class": "metadata__term grid__col col-6@m",
                              },
                              "children": Array [
                                Object {
                                  "data": " Telephone server park for Blaise Server Manager:",
                                  "next": null,
                                  "parent": [Circular],
                                  "prev": null,
                                  "type": "text",
                                },
                              ],
                              "name": "dt",
                              "namespace": "http://www.w3.org/1999/xhtml",
                              "next": Object {
                                "attribs": Object {
                                  "class": "metadata__value grid__col col-6@m",
                                },
                                "children": Array [
                                  Object {
                                    "data": "localhost",
                                    "next": null,
                                    "parent": [Circular],
                                    "prev": null,
                                    "type": "text",
                                  },
                                ],
                                "name": "dd",
                                "namespace": "http://www.w3.org/1999/xhtml",
                                "next": null,
                                "parent": [Circular],
                                "prev": [Circular],
                                "type": "tag",
                                "x-attribsNamespace": Object {
                                  "class": undefined,
                                },
                                "x-attribsPrefix": Object {
                                  "class": undefined,
                                },
                              },
                              "parent": [Circular],
                              "prev": null,
                              "type": "tag",
                              "x-attribsNamespace": Object {
                                "class": undefined,
                              },
                              "x-attribsPrefix": Object {
                                "class": undefined,
                              },
                            },
                            Object {
                              "attribs": Object {
                                "class": "metadata__value grid__col col-6@m",
                              },
                              "children": Array [
                                Object {
                                  "data": "localhost",
                                  "next": null,
                                  "parent": [Circular],
                                  "prev": null,
                                  "type": "text",
                                },
                              ],
                              "name": "dd",
                              "namespace": "http://www.w3.org/1999/xhtml",
                              "next": null,
                              "parent": [Circular],
                              "prev": Object {
                                "attribs": Object {
                                  "class": "metadata__term grid__col col-6@m",
                                },
                                "children": Array [
                                  Object {
                                    "data": " Telephone server park for Blaise Server Manager:",
                                    "next": null,
                                    "parent": [Circular],
                                    "prev": null,
                                    "type": "text",
                                  },
                                ],
                                "name": "dt",
                                "namespace": "http://www.w3.org/1999/xhtml",
                                "next": [Circular],
                                "parent": [Circular],
                                "prev": null,
                                "type": "tag",
                                "x-attribsNamespace": Object {
                                  "class": undefined,
                                },
                                "x-attribsPrefix": Object {
                                  "class": undefined,
                                },
                              },
                              "type": "tag",
                              "x-attribsNamespace": Object {
                                "class": undefined,
                              },
                              "x-attribsPrefix": Object {
                                "class": undefined,
                              },
                            },
                          ],
                          "name": "dl",
                          "namespace": "http://www.w3.org/1999/xhtml",
                          "next": Object {
                            "attribs": Object {
                              "class": "footer__hr",
                            },
                            "children": Array [],
                            "name": "hr",
                            "namespace": "http://www.w3.org/1999/xhtml",
                            "next": null,
                            "parent": [Circular],
                            "prev": [Circular],
                            "type": "tag",
                            "x-attribsNamespace": Object {
                              "class": undefined,
                            },
                            "x-attribsPrefix": Object {
                              "class": undefined,
                            },
                          },
                          "parent": [Circular],
                          "prev": null,
                          "type": "tag",
                          "x-attribsNamespace": Object {
                            "aria-label": undefined,
                            "class": undefined,
                            "title": undefined,
                          },
                          "x-attribsPrefix": Object {
                            "aria-label": undefined,
                            "class": undefined,
                            "title": undefined,
                          },
                        },
                        Object {
                          "attribs": Object {
                            "class": "footer__hr",
                          },
                          "children": Array [],
                          "name": "hr",
                          "namespace": "http://www.w3.org/1999/xhtml",
                          "next": null,
                          "parent": [Circular],
                          "prev": Object {
                            "attribs": Object {
                              "aria-label": "Blaise Server Manager link to telephone server park",
                              "class": "metadata metadata__list grid grid--gutterless u-cf u-mb-l",
                              "title": "Blaise Server Manager link to telephone server park",
                            },
                            "children": Array [
                              Object {
                                "attribs": Object {
                                  "class": "metadata__term grid__col col-6@m",
                                },
                                "children": Array [
                                  Object {
                                    "data": " Telephone server park for Blaise Server Manager:",
                                    "next": null,
                                    "parent": [Circular],
                                    "prev": null,
                                    "type": "text",
                                  },
                                ],
                                "name": "dt",
                                "namespace": "http://www.w3.org/1999/xhtml",
                                "next": Object {
                                  "attribs": Object {
                                    "class": "metadata__value grid__col col-6@m",
                                  },
                                  "children": Array [
                                    Object {
                                      "data": "localhost",
                                      "next": null,
                                      "parent": [Circular],
                                      "prev": null,
                                      "type": "text",
                                    },
                                  ],
                                  "name": "dd",
                                  "namespace": "http://www.w3.org/1999/xhtml",
                                  "next": null,
                                  "parent": [Circular],
                                  "prev": [Circular],
                                  "type": "tag",
                                  "x-attribsNamespace": Object {
                                    "class": undefined,
                                  },
                                  "x-attribsPrefix": Object {
                                    "class": undefined,
                                  },
                                },
                                "parent": [Circular],
                                "prev": null,
                                "type": "tag",
                                "x-attribsNamespace": Object {
                                  "class": undefined,
                                },
                                "x-attribsPrefix": Object {
                                  "class": undefined,
                                },
                              },
                              Object {
                                "attribs": Object {
                                  "class": "metadata__value grid__col col-6@m",
                                },
                                "children": Array [
                                  Object {
                                    "data": "localhost",
                                    "next": null,
                                    "parent": [Circular],
                                    "prev": null,
                                    "type": "text",
                                  },
                                ],
                                "name": "dd",
                                "namespace": "http://www.w3.org/1999/xhtml",
                                "next": null,
                                "parent": [Circular],
                                "prev": Object {
                                  "attribs": Object {
                                    "class": "metadata__term grid__col col-6@m",
                                  },
                                  "children": Array [
                                    Object {
                                      "data": " Telephone server park for Blaise Server Manager:",
                                      "next": null,
                                      "parent": [Circular],
                                      "prev": null,
                                      "type": "text",
                                    },
                                  ],
                                  "name": "dt",
                                  "namespace": "http://www.w3.org/1999/xhtml",
                                  "next": [Circular],
                                  "parent": [Circular],
                                  "prev": null,
                                  "type": "tag",
                                  "x-attribsNamespace": Object {
                                    "class": undefined,
                                  },
                                  "x-attribsPrefix": Object {
                                    "class": undefined,
                                  },
                                },
                                "type": "tag",
                                "x-attribsNamespace": Object {
                                  "class": undefined,
                                },
                                "x-attribsPrefix": Object {
                                  "class": undefined,
                                },
                              },
                            ],
                            "name": "dl",
                            "namespace": "http://www.w3.org/1999/xhtml",
                            "next": [Circular],
                            "parent": [Circular],
                            "prev": null,
                            "type": "tag",
                            "x-attribsNamespace": Object {
                              "aria-label": undefined,
                              "class": undefined,
                              "title": undefined,
                            },
                            "x-attribsPrefix": Object {
                              "aria-label": undefined,
                              "class": undefined,
                              "title": undefined,
                            },
                          },
                          "type": "tag",
                          "x-attribsNamespace": Object {
                            "class": undefined,
                          },
                          "x-attribsPrefix": Object {
                            "class": undefined,
                          },
                        },
                      ],
                      "name": "div",
                      "namespace": "http://www.w3.org/1999/xhtml",
                      "next": null,
                      "parent": [Circular],
                      "prev": null,
                      "type": "tag",
                      "x-attribsNamespace": Object {
                        "class": undefined,
                      },
                      "x-attribsPrefix": Object {
                        "class": undefined,
                      },
                    },
                  ],
                  "name": "div",
                  "namespace": "http://www.w3.org/1999/xhtml",
                  "next": [Circular],
                  "parent": [Circular],
                  "prev": null,
                  "type": "tag",
                  "x-attribsNamespace": Object {
                    "class": undefined,
                  },
                  "x-attribsPrefix": Object {
                    "class": undefined,
                  },
                },
                "type": "tag",
                "x-attribsNamespace": Object {
                  "class": undefined,
                },
                "x-attribsPrefix": Object {
                  "class": undefined,
                },
              },
            ],
            "name": "div",
            "namespace": "http://www.w3.org/1999/xhtml",
            "next": null,
            "parent": [Circular],
            "prev": null,
            "type": "tag",
            "x-attribsNamespace": Object {
              "class": undefined,
            },
            "x-attribsPrefix": Object {
              "class": undefined,
            },
          },
        ],
        "name": "div",
        "namespace": "http://www.w3.org/1999/xhtml",
        "next": null,
        "parent": [Circular],
        "prev": null,
        "type": "tag",
        "x-attribsNamespace": Object {
          "class": undefined,
          "data-analytics": undefined,
        },
        "x-attribsPrefix": Object {
          "class": undefined,
          "data-analytics": undefined,
        },
      },
    ],
    "name": "footer",
    "namespace": "http://www.w3.org/1999/xhtml",
    "next": null,
    "parent": null,
    "prev": null,
    "root": Object {
      "attribs": Object {},
      "children": Array [
        [Circular],
      ],
      "name": "root",
      "namespace": "http://www.w3.org/1999/xhtml",
      "next": null,
      "parent": null,
      "prev": null,
      "type": "root",
      "x-attribsNamespace": Object {},
      "x-attribsPrefix": Object {},
    },
    "type": "tag",
    "x-attribsNamespace": Object {
      "class": undefined,
    },
    "x-attribsPrefix": Object {
      "class": undefined,
    },
  },
  "_root": [Circular],
  "length": 1,
  "options": Object {
    "decodeEntities": true,
    "normalizeWhitespace": false,
    "withDomLvl1": true,
    "xml": false,
  },
}
`;
