// Vitest Snapshot v1, https://vitest.dev/guide/snapshot.html

exports[`Reinstall questionnaires list > view Blaise Status page matches Snapshot 1`] = `
{
  "asFragment": [Function],
  "baseElement": <body>
    <div>
      <main
        class="ons-page__main ons-u-mt-l"
        id="main-content"
      >
        <div
          class="ons-grid"
        >
          <div
            class="ons-grid__col ons-col-8@m"
          >
            <h1
              class="ons-u-mb-l"
            >
              Reinstall questionnaire
            </h1>
            <p>
              Reinstall a previously uploaded questionnaire. This will deploy the last uploaded version of the questionnaire.
            </p>
            <div>
              <form>
                <div
                  class="ons-field"
                >
                  <label
                    class="ons-label"
                    for="reinstall-questionnaire-select"
                  >
                    Select a questionnaire to reinstall
                  </label>
                  <select
                    class="ons-input ons-input--select"
                    data-testid="reinstall-questionnaire-select-input"
                    id="reinstall-questionnaire-select"
                    name="select"
                  >
                    <option
                      disabled=""
                      value=""
                    >
                      Select an option
                    </option>
                    <option
                      data-testid="reinstall-questionnaire-select-option-LMS2101_BK2.bpkg"
                      value="LMS2101_BK2.bpkg"
                    >
                      LMS2101_BK2.bpkg
                    </option>
                    <option
                      data-testid="reinstall-questionnaire-select-option-OPN2004A.bpkg"
                      value="OPN2004A.bpkg"
                    >
                      OPN2004A.bpkg
                    </option>
                  </select>
                </div>
                <div
                  class="ons-btn-group ons-u-mt-m"
                >
                  <button
                    class="ons-btn ons-btn--disabled"
                    data-testid="confirm-install-button"
                    disabled=""
                    id="confirm-install"
                    type="button"
                  >
                    <span
                      class="ons-btn__inner"
                    >
                      <span
                        class="ons-btn__text"
                      >
                        Continue
                      </span>
                    </span>
                  </button>
                  <button
                    class="ons-btn ons-btn--secondary"
                    data-testid="cancel-reinstall-button"
                    id="cancel-reinstall"
                    type="button"
                  >
                    <span
                      class="ons-btn__inner"
                    >
                      <span
                        class="ons-btn__text"
                      >
                        Cancel
                      </span>
                    </span>
                  </button>
                </div>
              </form>
            </div>
          </div>
        </div>
      </main>
    </div>
  </body>,
  "container": <div>
    <main
      class="ons-page__main ons-u-mt-l"
      id="main-content"
    >
      <div
        class="ons-grid"
      >
        <div
          class="ons-grid__col ons-col-8@m"
        >
          <h1
            class="ons-u-mb-l"
          >
            Reinstall questionnaire
          </h1>
          <p>
            Reinstall a previously uploaded questionnaire. This will deploy the last uploaded version of the questionnaire.
          </p>
          <div>
            <form>
              <div
                class="ons-field"
              >
                <label
                  class="ons-label"
                  for="reinstall-questionnaire-select"
                >
                  Select a questionnaire to reinstall
                </label>
                <select
                  class="ons-input ons-input--select"
                  data-testid="reinstall-questionnaire-select-input"
                  id="reinstall-questionnaire-select"
                  name="select"
                >
                  <option
                    disabled=""
                    value=""
                  >
                    Select an option
                  </option>
                  <option
                    data-testid="reinstall-questionnaire-select-option-LMS2101_BK2.bpkg"
                    value="LMS2101_BK2.bpkg"
                  >
                    LMS2101_BK2.bpkg
                  </option>
                  <option
                    data-testid="reinstall-questionnaire-select-option-OPN2004A.bpkg"
                    value="OPN2004A.bpkg"
                  >
                    OPN2004A.bpkg
                  </option>
                </select>
              </div>
              <div
                class="ons-btn-group ons-u-mt-m"
              >
                <button
                  class="ons-btn ons-btn--disabled"
                  data-testid="confirm-install-button"
                  disabled=""
                  id="confirm-install"
                  type="button"
                >
                  <span
                    class="ons-btn__inner"
                  >
                    <span
                      class="ons-btn__text"
                    >
                      Continue
                    </span>
                  </span>
                </button>
                <button
                  class="ons-btn ons-btn--secondary"
                  data-testid="cancel-reinstall-button"
                  id="cancel-reinstall"
                  type="button"
                >
                  <span
                    class="ons-btn__inner"
                  >
                    <span
                      class="ons-btn__text"
                    >
                      Cancel
                    </span>
                  </span>
                </button>
              </div>
            </form>
          </div>
        </div>
      </div>
    </main>
  </div>,
  "debug": [Function],
  "findAllByAltText": [Function],
  "findAllByDisplayValue": [Function],
  "findAllByLabelText": [Function],
  "findAllByPlaceholderText": [Function],
  "findAllByRole": [Function],
  "findAllByTestId": [Function],
  "findAllByText": [Function],
  "findAllByTitle": [Function],
  "findByAltText": [Function],
  "findByDisplayValue": [Function],
  "findByLabelText": [Function],
  "findByPlaceholderText": [Function],
  "findByRole": [Function],
  "findByTestId": [Function],
  "findByText": [Function],
  "findByTitle": [Function],
  "getAllByAltText": [Function],
  "getAllByDisplayValue": [Function],
  "getAllByLabelText": [Function],
  "getAllByPlaceholderText": [Function],
  "getAllByRole": [Function],
  "getAllByTestId": [Function],
  "getAllByText": [Function],
  "getAllByTitle": [Function],
  "getByAltText": [Function],
  "getByDisplayValue": [Function],
  "getByLabelText": [Function],
  "getByPlaceholderText": [Function],
  "getByRole": [Function],
  "getByTestId": [Function],
  "getByText": [Function],
  "getByTitle": [Function],
  "queryAllByAltText": [Function],
  "queryAllByDisplayValue": [Function],
  "queryAllByLabelText": [Function],
  "queryAllByPlaceholderText": [Function],
  "queryAllByRole": [Function],
  "queryAllByTestId": [Function],
  "queryAllByText": [Function],
  "queryAllByTitle": [Function],
  "queryByAltText": [Function],
  "queryByDisplayValue": [Function],
  "queryByLabelText": [Function],
  "queryByPlaceholderText": [Function],
  "queryByRole": [Function],
  "queryByTestId": [Function],
  "queryByText": [Function],
  "queryByTitle": [Function],
  "rerender": [Function],
  "unmount": [Function],
}
`;
