// Jest Snapshot v1, https://goo.gl/fbAQLP

exports[`Audit Logs page view Audit Logs page matches Snapshot 1`] = `
Object {
  "asFragment": [Function],
  "baseElement": <body>
    <div>
      <nav
        aria-label="Breadcrumb"
        class="breadcrumb"
      >
        <ol
          class="breadcrumb__items u-fs-s"
        >
          <li
            class="breadcrumb__item"
            id="breadcrumb-0"
          >
            <a
              class="breadcrumb__link"
              href="/"
            >
              Home
            </a>
            <svg
              class="svg-icon"
              focusable="false"
              viewBox="0 0 8 13"
              xmlns="http://www.w3.org/2000/svg"
            >
              <path
                d="M5.74,14.28l-.57-.56a.5.5,0,0,1,0-.71h0l5-5-5-5a.5.5,0,0,1,0-.71h0l.57-.56a.5.5,0,0,1,.71,0h0l5.93,5.93a.5.5,0,0,1,0,.7L6.45,14.28a.5.5,0,0,1-.71,0Z"
                transform="translate(-5.02 -1.59)"
              />
            </svg>
          </li>
        </ol>
      </nav>
      <main
        class="page__main u-mt-no"
        id="main-content"
      >
        <h1
          class="u-mb-l"
        >
          Questionnaire deployment history
        </h1>
        <button
          class="btn btn--small "
          data-testid="button"
          type="button"
        >
          <span
            class="btn__inner"
          >
            Reload
          </span>
        </button>
        <div
          class="elementToFadeIn"
        >
          <table
            class="table"
            id="audit-table"
          >
            <thead
              class="table__head"
            >
              <tr
                class="table__row"
              >
                <th
                  class="table__header"
                  scope="col"
                >
                  Date and time
                </th>
                <th
                  class="table__header"
                  scope="col"
                >
                  Information
                </th>
              </tr>
            </thead>
            <tbody
              class="table__body"
            >
              <tr
                class="table__row"
                data-testid="instrument-table-row"
              >
                <td
                  class="table__cell "
                >
                  19/02/2021 12:46:29
                </td>
                <td
                  class="table__cell "
                >
                  <span
                    class="status status--info"
                  >
                    Successfully uninstalled questionnaire OPN2012K
                  </span>
                </td>
              </tr>
            </tbody>
          </table>
        </div>
      </main>
    </div>
  </body>,
  "container": <div>
    <nav
      aria-label="Breadcrumb"
      class="breadcrumb"
    >
      <ol
        class="breadcrumb__items u-fs-s"
      >
        <li
          class="breadcrumb__item"
          id="breadcrumb-0"
        >
          <a
            class="breadcrumb__link"
            href="/"
          >
            Home
          </a>
          <svg
            class="svg-icon"
            focusable="false"
            viewBox="0 0 8 13"
            xmlns="http://www.w3.org/2000/svg"
          >
            <path
              d="M5.74,14.28l-.57-.56a.5.5,0,0,1,0-.71h0l5-5-5-5a.5.5,0,0,1,0-.71h0l.57-.56a.5.5,0,0,1,.71,0h0l5.93,5.93a.5.5,0,0,1,0,.7L6.45,14.28a.5.5,0,0,1-.71,0Z"
              transform="translate(-5.02 -1.59)"
            />
          </svg>
        </li>
      </ol>
    </nav>
    <main
      class="page__main u-mt-no"
      id="main-content"
    >
      <h1
        class="u-mb-l"
      >
        Questionnaire deployment history
      </h1>
      <button
        class="btn btn--small "
        data-testid="button"
        type="button"
      >
        <span
          class="btn__inner"
        >
          Reload
        </span>
      </button>
      <div
        class="elementToFadeIn"
      >
        <table
          class="table"
          id="audit-table"
        >
          <thead
            class="table__head"
          >
            <tr
              class="table__row"
            >
              <th
                class="table__header"
                scope="col"
              >
                Date and time
              </th>
              <th
                class="table__header"
                scope="col"
              >
                Information
              </th>
            </tr>
          </thead>
          <tbody
            class="table__body"
          >
            <tr
              class="table__row"
              data-testid="instrument-table-row"
            >
              <td
                class="table__cell "
              >
                19/02/2021 12:46:29
              </td>
              <td
                class="table__cell "
              >
                <span
                  class="status status--info"
                >
                  Successfully uninstalled questionnaire OPN2012K
                </span>
              </td>
            </tr>
          </tbody>
        </table>
      </div>
    </main>
  </div>,
  "debug": [Function],
  "findAllByAltText": [Function],
  "findAllByDisplayValue": [Function],
  "findAllByLabelText": [Function],
  "findAllByPlaceholderText": [Function],
  "findAllByRole": [Function],
  "findAllByTestId": [Function],
  "findAllByText": [Function],
  "findAllByTitle": [Function],
  "findByAltText": [Function],
  "findByDisplayValue": [Function],
  "findByLabelText": [Function],
  "findByPlaceholderText": [Function],
  "findByRole": [Function],
  "findByTestId": [Function],
  "findByText": [Function],
  "findByTitle": [Function],
  "getAllByAltText": [Function],
  "getAllByDisplayValue": [Function],
  "getAllByLabelText": [Function],
  "getAllByPlaceholderText": [Function],
  "getAllByRole": [Function],
  "getAllByTestId": [Function],
  "getAllByText": [Function],
  "getAllByTitle": [Function],
  "getByAltText": [Function],
  "getByDisplayValue": [Function],
  "getByLabelText": [Function],
  "getByPlaceholderText": [Function],
  "getByRole": [Function],
  "getByTestId": [Function],
  "getByText": [Function],
  "getByTitle": [Function],
  "queryAllByAltText": [Function],
  "queryAllByDisplayValue": [Function],
  "queryAllByLabelText": [Function],
  "queryAllByPlaceholderText": [Function],
  "queryAllByRole": [Function],
  "queryAllByTestId": [Function],
  "queryAllByText": [Function],
  "queryAllByTitle": [Function],
  "queryByAltText": [Function],
  "queryByDisplayValue": [Function],
  "queryByLabelText": [Function],
  "queryByPlaceholderText": [Function],
  "queryByRole": [Function],
  "queryByTestId": [Function],
  "queryByText": [Function],
  "queryByTitle": [Function],
  "rerender": [Function],
  "unmount": [Function],
}
`;
