// Jest Snapshot v1, https://goo.gl/fbAQLP

exports[`React homepage view instrument page matches Snapshot 1`] = `
Object {
  "asFragment": [Function],
  "baseElement": <body>
    <div>
      <div
        class="phase-banner"
      >
        <div
          class="container "
        >
          <div
            class="grid grid--flex grid--gutterless grid--vertical-center grid--no-wrap"
          >
            <div
              class="grid__col col-auto u-flex-no-grow"
            >
              <h3
                class="phase-banner__badge"
              >
                BETA
              </h3>
            </div>
            <div
              class="grid__col col-auto u-flex-shrink"
            >
              <p
                class="phase-banner__desc u-fs-s u-mb-no"
              >
                This is a new service – your 
                <a
                  href="https://ons.service-now.com/"
                >
                  feedback
                </a>
                 will help us improve it.
              </p>
            </div>
          </div>
        </div>
      </div>
      <header
        class="header header--internal"
      >
        <div
          class="header__top"
          role="banner"
        >
          <div
            class="container"
          >
            <div
              class="header__grid-top grid grid--gutterless grid--flex grid--between grid--vertical-center grid--no-wrap "
            >
              <div
                class="grid__col col-auto"
              >
                <a
                  class="header__logo-link"
                  href="/"
                >
                  <picture>
                    <img
                      alt="Office for National Statistics logo"
                      class="header__logo"
                      src="https://cdn.ons.gov.uk/sdc/design-system/31.4.0/img/ons-logo-neg-en.svg"
                    />
                  </picture>
                </a>
              </div>
            </div>
          </div>
        </div>
        <div
          class="header__main"
        >
          <div
            class="container"
          >
            <div
              class="grid grid--gutterless grid--flex grid--between grid--vertical-center grid--no-wrap"
            >
              <div
                class="grid__col col-auto u-flex-shrink"
              >
                <div
                  class="header__title"
                >
                  Deploy Questionnaire Service
                </div>
              </div>
            </div>
          </div>
        </div>
      </header>
      <div
        class="page__container container"
        style="min-height: calc(67vh);"
      >
        <main
          class="page__main"
          id="main-content"
        >
          <ul
            class="list list--bare list--inline u-mt-m"
          >
            <li
              class="list__item"
            >
              <a
                href="/upload"
                id="deploy-questionnaire-link"
              >
                Deploy a questionnaire
              </a>
            </li>
            <li
              class="list__item"
            >
              <a
                href="/audit"
                id="audit-logs-link"
              >
                View deployment history
              </a>
            </li>
            <li
              class="list__item"
            >
              <a
                href="/status"
                id="blaise-status-link"
              >
                Check Blaise status
              </a>
            </li>
          </ul>
          <div
            class="panel panel--info panel--no-title  u-mt-m"
          >
            <div
              class="panel__body "
            >
              <p>
                Any 
                <b>
                  live
                </b>
                 questionnaire within the table below 
                <b>
                  does not
                </b>
                 have the option to delete and 
                <b>
                  cannot be deleted
                </b>
                . If a 
                <b>
                  live
                </b>
                 questionnaire requires deletion, raise a Service Desk ticket to complete this request.
              </p>
            </div>
          </div>
          <h2
            class="u-mt-m"
          >
            Table of questionnaires
          </h2>
          <table
            class="table u-mt-s"
            id="instrument-table"
          >
            <thead
              class="table__head u-mt-m"
            >
              <tr
                class="table__row"
              >
                <th
                  class="table__header "
                  scope="col"
                >
                  <span>
                    Questionnaire
                  </span>
                </th>
                <th
                  class="table__header "
                  scope="col"
                >
                  <span>
                    Field period
                  </span>
                </th>
                <th
                  class="table__header "
                  scope="col"
                >
                  <span>
                    Status
                  </span>
                </th>
                <th
                  class="table__header "
                  scope="col"
                >
                  <span>
                    Install date
                  </span>
                </th>
                <th
                  class="table__header "
                  scope="col"
                >
                  <span>
                    Cases
                  </span>
                </th>
                <th
                  class="table__header "
                  scope="col"
                >
                  <span>
                    Delete questionnaire
                  </span>
                </th>
              </tr>
            </thead>
            <tbody
              class="table__body"
            >
              <tr
                class="table__row"
                data-testid="instrument-table-row"
              >
                <td
                  class="table__cell "
                >
                  OPN2004A
                </td>
                <td
                  class="table__cell "
                >
                  April 2020
                </td>
                <td
                  class="table__cell "
                >
                  <span
                    class="status status--error"
                  >
                    Failed
                  </span>
                </td>
                <td
                  class="table__cell "
                >
                  15/01/2021 15:26
                </td>
                <td
                  class="table__cell "
                >
                  0
                </td>
                <td
                  class="table__cell "
                  id="delete-OPN2004A"
                >
                  <a
                    aria-label="Delete questionnaire OPN2004A"
                    data-testid="delete-OPN2004A"
                    href="/delete"
                    id="delete-button-OPN2004A"
                  >
                    Delete
                  </a>
                </td>
              </tr>
              <tr
                class="table__row"
                data-testid="instrument-table-row"
              >
                <td
                  class="table__cell "
                >
                  OPN2007T
                </td>
                <td
                  class="table__cell "
                >
                  July 2020
                </td>
                <td
                  class="table__cell "
                >
                  <span
                    class="status status--success"
                  >
                    Active
                  </span>
                </td>
                <td
                  class="table__cell "
                >
                  15/01/2021 15:18
                </td>
                <td
                  class="table__cell "
                >
                  10
                </td>
                <td
                  class="table__cell "
                  id="delete-OPN2007T"
                >
                  Questionnaire is live
                </td>
              </tr>
              <tr
                class="table__row"
                data-testid="instrument-table-row"
              >
                <td
                  class="table__cell "
                >
                  OPN2101A
                </td>
                <td
                  class="table__cell "
                >
                  January 2021
                </td>
                <td
                  class="table__cell "
                >
                  <span
                    class="status status--success"
                  >
                    Active
                  </span>
                </td>
                <td
                  class="table__cell "
                >
                  15/01/2021 14:41
                </td>
                <td
                  class="table__cell "
                >
                  0
                </td>
                <td
                  class="table__cell "
                  id="delete-OPN2101A"
                >
                  <a
                    aria-label="Delete questionnaire OPN2101A"
                    data-testid="delete-OPN2101A"
                    href="/delete"
                    id="delete-button-OPN2101A"
                  >
                    Delete
                  </a>
                </td>
              </tr>
            </tbody>
          </table>
        </main>
      </div>
      <footer
        class="footer"
      >
        <div
          class="footer__body"
          data-analytics="footer"
        >
          <div
            class="container "
          >
            <div
              class="grid grid--flex grid--between"
            >
              <div
                class="grid__col"
              >
                <div
                  class="u-mt-m u-mb-s"
                >
                  <img
                    alt="Office for National Statistics"
                    src="https://ons-design-system.netlify.app/img/ons-logo-black-en.svg"
                  />
                </div>
              </div>
            </div>
          </div>
        </div>
      </footer>
    </div>
  </body>,
  "container": <div>
    <div
      class="phase-banner"
    >
      <div
        class="container "
      >
        <div
          class="grid grid--flex grid--gutterless grid--vertical-center grid--no-wrap"
        >
          <div
            class="grid__col col-auto u-flex-no-grow"
          >
            <h3
              class="phase-banner__badge"
            >
              BETA
            </h3>
          </div>
          <div
            class="grid__col col-auto u-flex-shrink"
          >
            <p
              class="phase-banner__desc u-fs-s u-mb-no"
            >
              This is a new service – your 
              <a
                href="https://ons.service-now.com/"
              >
                feedback
              </a>
               will help us improve it.
            </p>
          </div>
        </div>
      </div>
    </div>
    <header
      class="header header--internal"
    >
      <div
        class="header__top"
        role="banner"
      >
        <div
          class="container"
        >
          <div
            class="header__grid-top grid grid--gutterless grid--flex grid--between grid--vertical-center grid--no-wrap "
          >
            <div
              class="grid__col col-auto"
            >
              <a
                class="header__logo-link"
                href="/"
              >
                <picture>
                  <img
                    alt="Office for National Statistics logo"
                    class="header__logo"
                    src="https://cdn.ons.gov.uk/sdc/design-system/31.4.0/img/ons-logo-neg-en.svg"
                  />
                </picture>
              </a>
            </div>
          </div>
        </div>
      </div>
      <div
        class="header__main"
      >
        <div
          class="container"
        >
          <div
            class="grid grid--gutterless grid--flex grid--between grid--vertical-center grid--no-wrap"
          >
            <div
              class="grid__col col-auto u-flex-shrink"
            >
              <div
                class="header__title"
              >
                Deploy Questionnaire Service
              </div>
            </div>
          </div>
        </div>
      </div>
    </header>
    <div
      class="page__container container"
      style="min-height: calc(67vh);"
    >
      <main
        class="page__main"
        id="main-content"
      >
        <ul
          class="list list--bare list--inline u-mt-m"
        >
          <li
            class="list__item"
          >
            <a
              href="/upload"
              id="deploy-questionnaire-link"
            >
              Deploy a questionnaire
            </a>
          </li>
          <li
            class="list__item"
          >
            <a
              href="/audit"
              id="audit-logs-link"
            >
              View deployment history
            </a>
          </li>
          <li
            class="list__item"
          >
            <a
              href="/status"
              id="blaise-status-link"
            >
              Check Blaise status
            </a>
          </li>
        </ul>
        <div
          class="panel panel--info panel--no-title  u-mt-m"
        >
          <div
            class="panel__body "
          >
            <p>
              Any 
              <b>
                live
              </b>
               questionnaire within the table below 
              <b>
                does not
              </b>
               have the option to delete and 
              <b>
                cannot be deleted
              </b>
              . If a 
              <b>
                live
              </b>
               questionnaire requires deletion, raise a Service Desk ticket to complete this request.
            </p>
          </div>
        </div>
        <h2
          class="u-mt-m"
        >
          Table of questionnaires
        </h2>
        <table
          class="table u-mt-s"
          id="instrument-table"
        >
          <thead
            class="table__head u-mt-m"
          >
            <tr
              class="table__row"
            >
              <th
                class="table__header "
                scope="col"
              >
                <span>
                  Questionnaire
                </span>
              </th>
              <th
                class="table__header "
                scope="col"
              >
                <span>
                  Field period
                </span>
              </th>
              <th
                class="table__header "
                scope="col"
              >
                <span>
                  Status
                </span>
              </th>
              <th
                class="table__header "
                scope="col"
              >
                <span>
                  Install date
                </span>
              </th>
              <th
                class="table__header "
                scope="col"
              >
                <span>
                  Cases
                </span>
              </th>
              <th
                class="table__header "
                scope="col"
              >
                <span>
                  Delete questionnaire
                </span>
              </th>
            </tr>
          </thead>
          <tbody
            class="table__body"
          >
            <tr
              class="table__row"
              data-testid="instrument-table-row"
            >
              <td
                class="table__cell "
              >
                OPN2004A
              </td>
              <td
                class="table__cell "
              >
                April 2020
              </td>
              <td
                class="table__cell "
              >
                <span
                  class="status status--error"
                >
                  Failed
                </span>
              </td>
              <td
                class="table__cell "
              >
                15/01/2021 15:26
              </td>
              <td
                class="table__cell "
              >
                0
              </td>
              <td
                class="table__cell "
                id="delete-OPN2004A"
              >
                <a
                  aria-label="Delete questionnaire OPN2004A"
                  data-testid="delete-OPN2004A"
                  href="/delete"
                  id="delete-button-OPN2004A"
                >
                  Delete
                </a>
              </td>
            </tr>
            <tr
              class="table__row"
              data-testid="instrument-table-row"
            >
              <td
                class="table__cell "
              >
                OPN2007T
              </td>
              <td
                class="table__cell "
              >
                July 2020
              </td>
              <td
                class="table__cell "
              >
                <span
                  class="status status--success"
                >
                  Active
                </span>
              </td>
              <td
                class="table__cell "
              >
                15/01/2021 15:18
              </td>
              <td
                class="table__cell "
              >
                10
              </td>
              <td
                class="table__cell "
                id="delete-OPN2007T"
              >
                Questionnaire is live
              </td>
            </tr>
            <tr
              class="table__row"
              data-testid="instrument-table-row"
            >
              <td
                class="table__cell "
              >
                OPN2101A
              </td>
              <td
                class="table__cell "
              >
                January 2021
              </td>
              <td
                class="table__cell "
              >
                <span
                  class="status status--success"
                >
                  Active
                </span>
              </td>
              <td
                class="table__cell "
              >
                15/01/2021 14:41
              </td>
              <td
                class="table__cell "
              >
                0
              </td>
              <td
                class="table__cell "
                id="delete-OPN2101A"
              >
                <a
                  aria-label="Delete questionnaire OPN2101A"
                  data-testid="delete-OPN2101A"
                  href="/delete"
                  id="delete-button-OPN2101A"
                >
                  Delete
                </a>
              </td>
            </tr>
          </tbody>
        </table>
      </main>
    </div>
    <footer
      class="footer"
    >
      <div
        class="footer__body"
        data-analytics="footer"
      >
        <div
          class="container "
        >
          <div
            class="grid grid--flex grid--between"
          >
            <div
              class="grid__col"
            >
              <div
                class="u-mt-m u-mb-s"
              >
                <img
                  alt="Office for National Statistics"
                  src="https://ons-design-system.netlify.app/img/ons-logo-black-en.svg"
                />
              </div>
            </div>
          </div>
        </div>
      </div>
    </footer>
  </div>,
  "debug": [Function],
  "findAllByAltText": [Function],
  "findAllByDisplayValue": [Function],
  "findAllByLabelText": [Function],
  "findAllByPlaceholderText": [Function],
  "findAllByRole": [Function],
  "findAllByTestId": [Function],
  "findAllByText": [Function],
  "findAllByTitle": [Function],
  "findByAltText": [Function],
  "findByDisplayValue": [Function],
  "findByLabelText": [Function],
  "findByPlaceholderText": [Function],
  "findByRole": [Function],
  "findByTestId": [Function],
  "findByText": [Function],
  "findByTitle": [Function],
  "getAllByAltText": [Function],
  "getAllByDisplayValue": [Function],
  "getAllByLabelText": [Function],
  "getAllByPlaceholderText": [Function],
  "getAllByRole": [Function],
  "getAllByTestId": [Function],
  "getAllByText": [Function],
  "getAllByTitle": [Function],
  "getByAltText": [Function],
  "getByDisplayValue": [Function],
  "getByLabelText": [Function],
  "getByPlaceholderText": [Function],
  "getByRole": [Function],
  "getByTestId": [Function],
  "getByText": [Function],
  "getByTitle": [Function],
  "queryAllByAltText": [Function],
  "queryAllByDisplayValue": [Function],
  "queryAllByLabelText": [Function],
  "queryAllByPlaceholderText": [Function],
  "queryAllByRole": [Function],
  "queryAllByTestId": [Function],
  "queryAllByText": [Function],
  "queryAllByTitle": [Function],
  "queryByAltText": [Function],
  "queryByDisplayValue": [Function],
  "queryByLabelText": [Function],
  "queryByPlaceholderText": [Function],
  "queryByRole": [Function],
  "queryByTestId": [Function],
  "queryByText": [Function],
  "queryByTitle": [Function],
  "rerender": [Function],
  "unmount": [Function],
}
`;
